./focalide/Announce
./focalide/AUTHORS
./focalide/CHANGES
./focalide/configure
./focalide/focalizec/configure
./focalide/focalizec/doc_src/html/Includes/aftertitle-eng.html
./focalide/focalizec/doc_src/html/Includes/aprestitre-fra.html
./focalide/focalizec/doc_src/html/Includes/avanttitre-fra.html
./focalide/focalizec/doc_src/html/Includes/basdepage-fra.html
./focalide/focalizec/doc_src/html/Includes/beforetitle-eng.html
./focalide/focalizec/doc_src/html/Includes/bottomofpage-eng.html
./focalide/focalizec/doc_src/html/Includes/copyright-eng.html
./focalide/focalizec/doc_src/html/Includes/copyright-fra.html
./focalide/focalizec/doc_src/html/Includes/doctype
./focalide/focalizec/doc_src/html/Includes/endofpage-eng.html
./focalide/focalizec/doc_src/html/Includes/findepage-fra.html
./focalide/focalizec/doc_src/html/Includes/hautdepage-fra.html
./focalide/focalizec/doc_src/html/Includes/htmlc-version.html
./focalide/focalizec/doc_src/html/Includes/maquette-eng.html
./focalide/focalizec/doc_src/html/Includes/maquette-fra.html
./focalide/focalizec/doc_src/html/Includes/powered_by_caml.html
./focalide/focalizec/doc_src/html/Includes/topofpage-eng.html
./focalide/focalizec/doc_src/html/Makefile
./focalide/focalizec/doc_src/html/Makefile.html
./focalide/focalizec/doc_src/images/focal_picture.jpg
./focalide/focalizec/doc_src/Makefile
./focalide/focalizec/doc_src/man/focalizec.1
./focalide/focalizec/doc_src/man/focalizedep.1
./focalide/focalizec/doc_src/man/focalizetest.1
./focalide/focalizec/doc_src/man/Makefile
./focalide/focalizec/doc_src/tex/faq/faq.hva
./focalide/focalizec/doc_src/tex/faq/faq.tex
./focalide/focalizec/doc_src/tex/faq/macros.tex
./focalide/focalizec/doc_src/tex/faq/Makefile
./focalide/focalizec/doc_src/tex/Makefile
./focalide/focalizec/doc_src/tex/refman/basic_concepts.tex
./focalide/focalizec/doc_src/tex/refman/bibli.bib
./focalide/focalizec/doc_src/tex/refman/building_species.tex
./focalide/focalizec/doc_src/tex/refman/compiler_err_msgs.tex
./focalide/focalizec/doc_src/tex/refman/compiler_opts.tex
./focalide/focalizec/doc_src/tex/refman/constructs_syntax.tex
./focalide/focalizec/doc_src/tex/refman/doc_gen.tex
./focalide/focalizec/doc_src/tex/refman/fullpage.sty
./focalide/focalizec/doc_src/tex/refman/glimpse.tex
./focalide/focalizec/doc_src/tex/refman/header_html_snapshot.ps
./focalide/focalizec/doc_src/tex/refman/introduction.tex
./focalide/focalizec/doc_src/tex/refman/lexical_conventions.tex
./focalide/focalizec/doc_src/tex/refman/macros.hva
./focalide/focalizec/doc_src/tex/refman/macros.tex
./focalide/focalizec/doc_src/tex/refman/Makefile
./focalide/focalizec/doc_src/tex/refman/mathml_snapshot.ps
./focalide/focalizec/doc_src/tex/refman/more_on_meths.tex
./focalide/focalizec/doc_src/tex/refman/motivations.tex
./focalide/focalizec/doc_src/tex/refman/multirow.sty
./focalide/focalizec/doc_src/tex/refman/output.tex
./focalide/focalizec/doc_src/tex/refman/pres_requir.tex
./focalide/focalizec/doc_src/tex/refman/proofs.tex
./focalide/focalizec/doc_src/tex/refman/recursion.tex
./focalide/focalizec/doc_src/tex/refman/refman.hva
./focalide/focalizec/doc_src/tex/refman/refman.tex
./focalide/focalizec/doc_src/tex/refman/refman001.png
./focalide/focalizec/doc_src/tex/refman/syntaxdef.hva
./focalide/focalizec/doc_src/tex/refman/syntaxdef.sty
./focalide/focalizec/doc_src/tex/tuto_proofs/and_or.fcl
./focalide/focalizec/doc_src/tex/tuto_proofs/bibli.bib
./focalide/focalizec/doc_src/tex/tuto_proofs/conclusion.tex
./focalide/focalizec/doc_src/tex/tuto_proofs/controller/controller1.fcl
./focalide/focalizec/doc_src/tex/tuto_proofs/controller/controller2.fcl
./focalide/focalizec/doc_src/tex/tuto_proofs/controller/controller3.fcl
./focalide/focalizec/doc_src/tex/tuto_proofs/controller/controller4.fcl
./focalide/focalizec/doc_src/tex/tuto_proofs/controller/controller5.fcl
./focalide/focalizec/doc_src/tex/tuto_proofs/controller/controller_algo.fcl
./focalide/focalizec/doc_src/tex/tuto_proofs/controller/controller_complete.fcl
./focalide/focalizec/doc_src/tex/tuto_proofs/diff_comps.fcl
./focalide/focalizec/doc_src/tex/tuto_proofs/diff_comps2.fcl
./focalide/focalizec/doc_src/tex/tuto_proofs/ex_implications.fcl
./focalide/focalizec/doc_src/tex/tuto_proofs/ex_implications2.fcl
./focalide/focalizec/doc_src/tex/tuto_proofs/first_order_logic.tex
./focalide/focalizec/doc_src/tex/tuto_proofs/init.tex
./focalide/focalizec/doc_src/tex/tuto_proofs/intro.tex
./focalide/focalizec/doc_src/tex/tuto_proofs/lemmas.fcl
./focalide/focalizec/doc_src/tex/tuto_proofs/lemmas1.fcl
./focalide/focalizec/doc_src/tex/tuto_proofs/lemmas2.fcl
./focalide/focalizec/doc_src/tex/tuto_proofs/lemmas2_1.fcl
./focalide/focalizec/doc_src/tex/tuto_proofs/lemmas3.fcl
./focalide/focalizec/doc_src/tex/tuto_proofs/lemmas4.fcl
./focalide/focalizec/doc_src/tex/tuto_proofs/lemmas5.fcl
./focalide/focalizec/doc_src/tex/tuto_proofs/lemmas5_2.fcl
./focalide/focalizec/doc_src/tex/tuto_proofs/Makefile
./focalide/focalizec/doc_src/tex/tuto_proofs/mathpartir.sty
./focalide/focalizec/doc_src/tex/tuto_proofs/or_id_com.fcl
./focalide/focalizec/doc_src/tex/tuto_proofs/or_id_com1.fcl
./focalide/focalizec/doc_src/tex/tuto_proofs/or_id_com2.fcl
./focalide/focalizec/doc_src/tex/tuto_proofs/or_id_com3.fcl
./focalide/focalizec/doc_src/tex/tuto_proofs/or_id_com_good.fcl
./focalide/focalizec/doc_src/tex/tuto_proofs/or_id_com_shortest.fcl
./focalide/focalizec/doc_src/tex/tuto_proofs/program.tex
./focalide/focalizec/doc_src/tex/tuto_proofs/same_comps.fcl
./focalide/focalizec/doc_src/tex/tuto_proofs/signal1.fcl
./focalide/focalizec/doc_src/tex/tuto_proofs/signal2.fcl
./focalide/focalizec/doc_src/tex/tuto_proofs/signal3.fcl
./focalide/focalizec/doc_src/tex/tuto_proofs/tree_mirror.fcl
./focalide/focalizec/doc_src/tex/tuto_proofs/tree_mirror1.fcl
./focalide/focalizec/doc_src/tex/tuto_proofs/tree_mirror2.fcl
./focalide/focalizec/doc_src/tex/tuto_proofs/tree_mirror2bis.fcl
./focalide/focalizec/doc_src/tex/tuto_proofs/tuto_proofs.bbl
./focalide/focalizec/doc_src/tex/tuto_proofs/tuto_proofs.blg
./focalide/focalizec/doc_src/tex/tuto_proofs/tuto_proofs.haux
./focalide/focalizec/doc_src/tex/tuto_proofs/tuto_proofs.htoc
./focalide/focalizec/doc_src/tex/tuto_proofs/tuto_proofs.hva
./focalide/focalizec/doc_src/tex/tuto_proofs/tuto_proofs.tex
./focalide/focalizec/doc_src/tex/tuto_proofs/zero1.fcl
./focalide/focalizec/doc_src/tex/tuto_proofs/zero2.fcl
./focalide/focalizec/doc_src/tex/tuto_proofs/zero3.fcl
./focalide/focalizec/doc_src/tex/tutorial/macros.tex
./focalide/focalizec/doc_src/tex/tutorial/main.fcl
./focalide/focalizec/doc_src/tex/tutorial/Makefile
./focalide/focalizec/doc_src/tex/tutorial/mylist.fcl
./focalide/focalizec/doc_src/tex/tutorial/subset.fcl
./focalide/focalizec/doc_src/tex/tutorial/superset.fcl
./focalide/focalizec/doc_src/tex/tutorial/tutorial.hva
./focalide/focalizec/doc_src/tex/tutorial/tutorial.tex
./focalide/focalizec/emacs/focalize.el
./focalide/focalizec/gitlastsha.sh
./focalide/focalizec/Makefile
./focalide/focalizec/src/basement/anti_keyword_conflict.ml
./focalide/focalizec/src/basement/anti_keyword_conflict.mli
./focalide/focalizec/src/basement/build_configuration.ml
./focalide/focalizec/src/basement/build_configuration.mli
./focalide/focalizec/src/basement/configuration.ml
./focalide/focalizec/src/basement/configuration.mli
./focalide/focalizec/src/basement/files.ml
./focalide/focalizec/src/basement/files.mli
./focalide/focalizec/src/basement/handy.ml
./focalide/focalizec/src/basement/handy.mli
./focalide/focalizec/src/basement/installation.ml
./focalide/focalizec/src/basement/installation.mli
./focalide/focalizec/src/basement/location.ml
./focalide/focalizec/src/basement/location.mli
./focalide/focalizec/src/basement/Makefile
./focalide/focalizec/src/basement/miscHelpers.ml
./focalide/focalizec/src/basement/miscHelpers.mli
./focalide/focalizec/src/basement/parsetree.mli
./focalide/focalizec/src/basement/parsetree_utils.ml
./focalide/focalizec/src/basement/parsetree_utils.mli
./focalide/focalizec/src/basement/types.ml
./focalide/focalizec/src/basement/types.mli
./focalide/focalizec/src/commoncodegen/externals_generation_errs.ml
./focalide/focalizec/src/commoncodegen/externals_generation_errs.mli
./focalide/focalizec/src/commoncodegen/Makefile
./focalide/focalizec/src/commoncodegen/misc_common.ml
./focalide/focalizec/src/commoncodegen/misc_common.mli
./focalide/focalizec/src/commoncodegen/recursion.ml
./focalide/focalizec/src/commoncodegen/recursion.mli
./focalide/focalizec/src/contribs/automata/gen_def.fcl
./focalide/focalizec/src/contribs/automata/main.fcl
./focalide/focalizec/src/contribs/automata/Makefile
./focalide/focalizec/src/contribs/automata/request.fcl
./focalide/focalizec/src/contribs/automata/switch_automata.fcl
./focalide/focalizec/src/contribs/automata/switch_recovery_automata.fcl
./focalide/focalizec/src/contribs/automata/switch_recovery_normal_automata.fcl
./focalide/focalizec/src/contribs/automata/switch_recovery_reverse_automata.fcl
./focalide/focalizec/src/contribs/iterateur/coll.fcl
./focalide/focalizec/src/contribs/Makefile
./focalide/focalizec/src/contribs/utils/Makefile
./focalide/focalizec/src/contribs/utils/pair.fcl
./focalide/focalizec/src/contribs/utils/peano.fcl
./focalide/focalizec/src/contribs/voter/basic_type.fcl
./focalide/focalizec/src/contribs/voter/diag.fcl
./focalide/focalizec/src/contribs/voter/etat_vote.fcl
./focalide/focalizec/src/contribs/voter/gen_diag.fcl
./focalide/focalizec/src/contribs/voter/gen_value.fcl
./focalide/focalizec/src/contribs/voter/gen_vote.fcl
./focalide/focalizec/src/contribs/voter/main.fcl
./focalide/focalizec/src/contribs/voter/Makefile
./focalide/focalizec/src/contribs/voter/num_capteur.fcl
./focalide/focalizec/src/contribs/voter/valid_meas.fcl
./focalide/focalizec/src/contribs/voter/value.fcl
./focalide/focalizec/src/contribs/voter/value_with_valid.fcl
./focalide/focalizec/src/contribs/voter/vote.fcl
./focalide/focalizec/src/coqcodegen/FOCAL_COQ_MAPPINGS
./focalide/focalizec/src/coqcodegen/main_coq_generation.ml
./focalide/focalizec/src/coqcodegen/Makefile
./focalide/focalizec/src/coqcodegen/rec_let_gen.ml
./focalide/focalizec/src/coqcodegen/rec_let_gen.mli
./focalide/focalizec/src/coqcodegen/species_coq_generation.ml
./focalide/focalizec/src/coqcodegen/species_coq_generation.mli
./focalide/focalizec/src/coqcodegen/species_record_type_generation.ml
./focalide/focalizec/src/coqcodegen/species_record_type_generation.mli
./focalide/focalizec/src/coqcodegen/type_coq_generation.ml
./focalide/focalizec/src/coqcodegen/type_coq_generation.mli
./focalide/focalizec/src/coqcodegen/main_coq_generation.ml
./focalide/focalizec/src/dkcodegen/Makefile
./focalide/focalizec/src/dkcodegen/rec_let_gen.ml
./focalide/focalizec/src/dkcodegen/rec_let_gen.mli
./focalide/focalizec/src/dkcodegen/species_dk_generation.ml
./focalide/focalizec/src/dkcodegen/species_dk_generation.mli
./focalide/focalizec/src/dkcodegen/species_record_type_generation.ml
./focalide/focalizec/src/dkcodegen/species_record_type_generation.mli
./focalide/focalizec/src/dkcodegen/type_dk_generation.ml
./focalide/focalizec/src/dkcodegen/type_dk_generation.mli
./focalide/focalizec/src/docgen/doc_lexer.mll
./focalide/focalizec/src/docgen/docgen.spec
./focalide/focalizec/src/docgen/env_docgen.ml
./focalide/focalizec/src/docgen/env_docgen.mli
./focalide/focalizec/src/docgen/focdoc.css
./focalide/focalizec/src/docgen/focdoc.dtd
./focalide/focalizec/src/docgen/focdoc.rnc
./focalide/focalizec/src/docgen/focdoc.xsd
./focalide/focalizec/src/docgen/focdoc2html.xsl
./focalide/focalizec/src/docgen/focdoc2tex.xsl
./focalide/focalizec/src/docgen/main_docgen.ml
./focalide/focalizec/src/docgen/main_docgen.mli
./focalide/focalizec/src/docgen/Makefile
./focalide/focalizec/src/docgen/mmlctop2_0.xsl
./focalide/focalizec/src/docgen/proposition.xsl
./focalide/focalizec/src/docgen/proposition2tex.xsl
./focalide/focalizec/src/docgen/utils_docgen.ml
./focalide/focalizec/src/docgen/utils_docgen.mli
./focalide/focalizec/src/extlib/airport_security/a17property4_2.fcl
./focalide/focalizec/src/extlib/airport_security/a17property4_3.fcl
./focalide/focalizec/src/extlib/airport_security/a17property4_4.fcl
./focalide/focalizec/src/extlib/airport_security/a17property4_5.fcl
./focalide/focalizec/src/extlib/airport_security/a17property4_7.fcl
./focalide/focalizec/src/extlib/airport_security/a17subjects.fcl
./focalide/focalizec/src/extlib/airport_security/aircraftEnv.fcl
./focalide/focalizec/src/extlib/airport_security/airsideEnv2320.fcl
./focalide/focalizec/src/extlib/airport_security/airsideSubjects.fcl
./focalide/focalizec/src/extlib/airport_security/annexe17.fcl
./focalide/focalizec/src/extlib/airport_security/basic_sets.fcl
./focalide/focalizec/src/extlib/airport_security/compile
./focalide/focalizec/src/extlib/airport_security/conversionFunctions.fcl
./focalide/focalizec/src/extlib/airport_security/conversionFunctions2320.fcl
./focalide/focalizec/src/extlib/airport_security/d2320.fcl
./focalide/focalizec/src/extlib/airport_security/d2320property2.fcl
./focalide/focalizec/src/extlib/airport_security/d2320property3.fcl
./focalide/focalizec/src/extlib/airport_security/d2320property4.fcl
./focalide/focalizec/src/extlib/airport_security/d2320property5.fcl
./focalide/focalizec/src/extlib/airport_security/d2320subjects.fcl
./focalide/focalizec/src/extlib/airport_security/holdBaggageEnv.fcl
./focalide/focalizec/src/extlib/airport_security/Makefile
./focalide/focalizec/src/extlib/airport_security/ordinaryPassengersEnv.fcl
./focalide/focalizec/src/extlib/airport_security/ordinaryPassengersEnv2320.fcl
./focalide/focalizec/src/extlib/airport_security/specialPassengersEnv.fcl
./focalide/focalizec/src/extlib/algebra/additive_law.fcl
./focalide/focalizec/src/extlib/algebra/arrays.fcl
./focalide/focalizec/src/extlib/algebra/arrays_externals.v
./focalide/focalizec/src/extlib/algebra/big_integers.fcl
./focalide/focalizec/src/extlib/algebra/constants.fcl
./focalide/focalizec/src/extlib/algebra/integers.fcl
./focalide/focalizec/src/extlib/algebra/iterators.fcl
./focalide/focalizec/src/extlib/algebra/Makefile
./focalide/focalizec/src/extlib/algebra/multiplicative_law.fcl
./focalide/focalizec/src/extlib/algebra/parse_poly.fcl
./focalide/focalizec/src/extlib/algebra/peano.fcl
./focalide/focalizec/src/extlib/algebra/polys_abstract.fcl
./focalide/focalizec/src/extlib/algebra/product_structures.fcl
./focalide/focalizec/src/extlib/algebra/quotient_structures.fcl
./focalide/focalizec/src/extlib/algebra/randoms.fcl
./focalide/focalizec/src/extlib/algebra/randoms_externals.ml
./focalide/focalizec/src/extlib/algebra/randoms_externals.v
./focalide/focalizec/src/extlib/algebra/rings_fields.fcl
./focalide/focalizec/src/extlib/algebra/small_integers.fcl
./focalide/focalizec/src/extlib/algebra/weak_structures.fcl
./focalide/focalizec/src/extlib/algebra/weak_structures_externals.ml
./focalide/focalizec/src/extlib/algebra/weak_structures_externals.v
./focalide/focalizec/src/extlib/Makefile
./focalide/focalizec/src/extlib/openmath/bench.ml
./focalide/focalizec/src/extlib/openmath/lexer.mll
./focalide/focalizec/src/extlib/openmath/Makefile
./focalide/focalizec/src/extlib/openmath/printer.ml
./focalide/focalizec/src/extlib/openmath/test0.xml
./focalide/focalizec/src/extlib/openmath/test1.xml
./focalide/focalizec/src/extlib/openmath/test2.xml
./focalide/focalizec/src/extlib/openmath/test3.xml
./focalide/focalizec/src/extlib/openmath/xml.mli
./focalide/focalizec/src/extlib/polynomials/distributed_polys.fcl
./focalide/focalizec/src/extlib/polynomials/Makefile
./focalide/focalizec/src/extlib/polynomials/parse_poly.fcl
./focalide/focalizec/src/extlib/polynomials/polys_abstract.fcl
./focalide/focalizec/src/extlib/polynomials/recursive_polys.fcl
./focalide/focalizec/src/extlib/polynomials/univariate_polys.fcl
./focalide/focalizec/src/focalizedep/directive_lexer.mll
./focalide/focalizec/src/focalizedep/make_depend.ml
./focalide/focalizec/src/focalizedep/Makefile
./focalide/focalizec/src/focalizeig/focalizeig.ml
./focalide/focalizec/src/focalizeig/Makefile
./focalide/focalizec/src/focalizetest/context_test.ml
./focalide/focalizec/src/focalizetest/context_test.mli
./focalide/focalizec/src/focalizetest/debug.ml
./focalide/focalizec/src/focalizetest/debug.mli
./focalide/focalizec/src/focalizetest/exemple/depends_list/Makefile
./focalide/focalizec/src/focalizetest/exemple/depends_list/my_progs.fcl
./focalide/focalizec/src/focalizetest/exemple/extern_var/extern_var.fcl
./focalide/focalizec/src/focalizetest/exemple/extern_var/Makefile
./focalide/focalizec/src/focalizetest/exemple/lexicographic_product_additive_monoid/Makefile
./focalide/focalizec/src/focalizetest/exemple/lexicographic_product_additive_monoid/Makefile.parameters
./focalide/focalizec/src/focalizetest/exemple/lexicographic_product_additive_monoid/Makefile.spec
./focalide/focalizec/src/focalizetest/exemple/lexicographic_product_additive_monoid/README
./focalide/focalizec/src/focalizetest/exemple/Makefile
./focalide/focalizec/src/focalizetest/exemple/Makefile.codage
./focalide/focalizec/src/focalizetest/exemple/Makefile.sicstus
./focalide/focalizec/src/focalizetest/exemple/Makefile.test
./focalide/focalizec/src/focalizetest/exemple/Makefile_checkxml
./focalide/focalizec/src/focalizetest/exemple/model_blp
./focalide/focalizec/src/focalizetest/exemple/model_blp/Makefile
./focalide/focalizec/src/focalizetest/exemple/model_blp/model.fcl
./focalide/focalizec/src/focalizetest/exemple/no_parameters/couple.fcl
./focalide/focalizec/src/focalizetest/exemple/no_parameters/Makefile
./focalide/focalizec/src/focalizetest/exemple/no_parameters/Makefile.couple_entier
./focalide/focalizec/src/focalizetest/exemple/no_parameters/Makefile.couple_list_int
./focalide/focalizec/src/focalizetest/exemple/order_sup/fichier.fcl
./focalide/focalizec/src/focalizetest/exemple/order_sup/Makefile.meta
./focalide/focalizec/src/focalizetest/exemple/order_sup/Makefile.naive
./focalide/focalizec/src/focalizetest/exemple/order_sup/Makefile.noback
./focalide/focalizec/src/focalizetest/exemple/order_sup/Makefile.random
./focalide/focalizec/src/focalizetest/exemple/parameters/Makefile
./focalide/focalizec/src/focalizetest/exemple/parameters/Makefile.D
./focalide/focalizec/src/focalizetest/exemple/parameters/Makefile.modulo
./focalide/focalizec/src/focalizetest/exemple/parameters/Makefile.pair_modulo
./focalide/focalizec/src/focalizetest/exemple/parameters/parameterized_species.fcl
./focalide/focalizec/src/focalizetest/exemple/README
./focalide/focalizec/src/focalizetest/exemple/small_naturals/Makefile
./focalide/focalizec/src/focalizetest/exemple/small_naturals/reinject.xml
./focalide/focalizec/src/focalizetest/exemple/taquin/Makefile
./focalide/focalizec/src/focalizetest/exemple/taquin/taquin.fcl
./focalide/focalizec/src/focalizetest/exemple/taquin/taquin.fml
./focalide/focalizec/src/focalizetest/exemple/triangle/length.fcl
./focalide/focalizec/src/focalizetest/exemple/triangle/Makefile
./focalide/focalizec/src/focalizetest/exemple/triangle/Makefile.test
./focalide/focalizec/src/focalizetest/exemple/triangle/Makefile_length
./focalide/focalizec/src/focalizetest/exemple/triangle/Makefile_triangle
./focalide/focalizec/src/focalizetest/exemple/triangle/triangle.fcl
./focalide/focalizec/src/focalizetest/exemple/triangle_correct/length.fcl
./focalide/focalizec/src/focalizetest/exemple/triangle_correct/Makefile
./focalide/focalizec/src/focalizetest/exemple/triangle_correct/Makefile.test
./focalide/focalizec/src/focalizetest/exemple/triangle_correct/Makefile_length
./focalide/focalizec/src/focalizetest/exemple/triangle_correct/Makefile_triangle
./focalide/focalizec/src/focalizetest/exemple/triangle_correct/triangle.fcl
./focalide/focalizec/src/focalizetest/exemple/xml/example.xml
./focalide/focalizec/src/focalizetest/exemple/xml/Makefile
./focalide/focalizec/src/focalizetest/exemple/xml/test_report.css
./focalide/focalizec/src/focalizetest/exemple/xml/test_report.xsd
./focalide/focalizec/src/focalizetest/exemple/xml/test_report.xslt
./focalide/focalizec/src/focalizetest/expr_prolog.ml
./focalide/focalizec/src/focalizetest/expr_prolog.mli
./focalide/focalizec/src/focalizetest/foc_predef.ml
./focalide/focalizec/src/focalizetest/foc_predef.mli
./focalide/focalizec/src/focalizetest/focalize_inter.ml
./focalide/focalizec/src/focalizetest/focalize_inter.mli
./focalide/focalizec/src/focalizetest/fresh_variable.ml
./focalide/focalizec/src/focalizetest/fresh_variable.mli
./focalide/focalizec/src/focalizetest/lexer.ml
./focalide/focalizec/src/focalizetest/lexer.mli
./focalide/focalizec/src/focalizetest/lexer.mll
./focalide/focalizec/src/focalizetest/Makefile
./focalide/focalizec/src/focalizetest/own_basics.ml
./focalide/focalizec/src/focalizetest/own_basics.mli
./focalide/focalizec/src/focalizetest/own_expr.ml
./focalide/focalizec/src/focalizetest/own_expr.mli
./focalide/focalizec/src/focalizetest/own_parser.ml
./focalide/focalizec/src/focalizetest/own_parser.mly
./focalide/focalizec/src/focalizetest/own_prolog.ml
./focalide/focalizec/src/focalizetest/own_prolog.mli
./focalide/focalizec/src/focalizetest/own_prop.ml
./focalide/focalizec/src/focalizetest/own_prop.mli
./focalide/focalizec/src/focalizetest/own_types.ml
./focalide/focalizec/src/focalizetest/own_types.mli
./focalide/focalizec/src/focalizetest/own_xml.ml
./focalide/focalizec/src/focalizetest/own_xml.mli
./focalide/focalizec/src/focalizetest/print_fml.ml
./focalide/focalizec/src/focalizetest/print_fml.mli
./focalide/focalizec/src/focalizetest/print_foc.ml
./focalide/focalizec/src/focalizetest/print_foc.mli
./focalide/focalizec/src/focalizetest/print_prolog.ml
./focalide/focalizec/src/focalizetest/print_prolog.mli
./focalide/focalizec/src/focalizetest/print_xml.ml
./focalide/focalizec/src/focalizetest/print_xml.mli
./focalide/focalizec/src/focalizetest/random_rep.ml
./focalide/focalizec/src/focalizetest/random_rep.mli
./focalide/focalizec/src/focalizetest/rewrite_prop.ml
./focalide/focalizec/src/focalizetest/rewrite_prop.mli
./focalide/focalizec/src/focalizetest/run.ml
./focalide/focalizec/src/focalizetest/run.mli
./focalide/focalizec/src/focalizetest/sicstus/all.pl
./focalide/focalizec/src/focalizetest/sicstus/autres.pl
./focalide/focalizec/src/focalizetest/sicstus/basics.pl
./focalide/focalizec/src/focalizetest/sicstus/ctr_apply.pl
./focalide/focalizec/src/focalizetest/sicstus/ctr_ite.pl
./focalide/focalizec/src/focalizetest/sicstus/ctr_ite_meta.pl
./focalide/focalizec/src/focalizetest/sicstus/ctr_ite_naif.pl
./focalide/focalizec/src/focalizetest/sicstus/ctr_match.pl
./focalide/focalizec/src/focalizetest/sicstus/ctr_match_meta.pl
./focalide/focalizec/src/focalizetest/sicstus/ctr_match_naif.pl
./focalide/focalizec/src/focalizetest/sicstus/debug.pl
./focalide/focalizec/src/focalizetest/sicstus/fichiers.txt
./focalide/focalizec/src/focalizetest/sicstus/functions_db.pl
./focalide/focalizec/src/focalizetest/sicstus/functions_db_assert.pl
./focalide/focalizec/src/focalizetest/sicstus/functions_db_assoc.pl
./focalide/focalizec/src/focalizetest/sicstus/labeling.pl
./focalide/focalizec/src/focalizetest/sicstus/termes.pl
./focalide/focalizec/src/focalizetest/sicstus/types.pl
./focalide/focalizec/src/focalizetest/sicstus/verrue_model.pl
./focalide/focalizec/src/focalizetest/species_harness.ml
./focalide/focalizec/src/focalizetest/species_harness.mli
./focalide/focalizec/src/focalizetest/test_prolog.ml
./focalide/focalizec/src/focalizetest/test_prolog.mli
./focalide/focalizec/src/focalizetest/test_prop.ml
./focalide/focalizec/src/focalizetest/test_prop.mli
./focalide/focalizec/src/focalizetest/to_prolog.ml
./focalide/focalizec/src/focalizetest/to_prolog.mli
./focalide/focalizec/src/focalizetest/to_strings.ml
./focalide/focalizec/src/focalizetest/to_strings.mli
./focalide/focalizec/src/focalizetest/useful_parsing.ml
./focalide/focalizec/src/focalizetest/useful_parsing.mli
./focalide/focalizec/src/focalizetest/whattodo.ml
./focalide/focalizec/src/focalizetest/whattodo.mli
./focalide/focalizec/src/focalizetest/whattodo2.ml
./focalide/focalizec/src/focalizetest/whattodo2.mli
./focalide/focalizec/src/mlcodegen/base_exprs_ml_generation.ml
./focalide/focalizec/src/mlcodegen/base_exprs_ml_generation.mli
./focalide/focalizec/src/mlcodegen/FOCAL_ML_MAPPINGS
./focalide/focalizec/src/mlcodegen/main_ml_generation.ml
./focalide/focalizec/src/mlcodegen/main_ml_generation.mli
./focalide/focalizec/src/mlcodegen/Makefile
./focalide/focalizec/src/mlcodegen/species_ml_generation.ml
./focalide/focalizec/src/mlcodegen/species_ml_generation.mli
./focalide/focalizec/src/mlcodegen/type_ml_generation.ml
./focalide/focalizec/src/mlcodegen/type_ml_generation.mli
./focalide/focalizec/src/parser/dump_ptree.ml
./focalide/focalizec/src/parser/dump_ptree.mli
./focalide/focalizec/src/parser/lex_file.ml
./focalide/focalizec/src/parser/lexer.mll
./focalide/focalizec/src/parser/lexer.spec
./focalide/focalizec/src/parser/Makefile
./focalide/focalizec/src/parser/parse_file.ml
./focalide/focalizec/src/parser/parse_file.mli
./focalide/focalizec/src/parser/parser.mly
./focalide/focalizec/src/parser/parser.spec
./focalide/focalizec/src/parser/sourcify.ml
./focalide/focalizec/src/parser/sourcify.mli
./focalide/focalizec/src/parser/sourcify_token.ml
./focalide/focalizec/src/parser/tests/Makefile
./focalide/focalizec/src/relation_extraction/foc2spec.ml
./focalide/focalizec/src/relation_extraction/foc2spec.mli
./focalide/focalizec/src/relation_extraction/focgen.ml
./focalide/focalizec/src/relation_extraction/focgen.mli
./focalide/focalizec/src/relation_extraction/Makefile
./focalide/focalizec/src/relation_extraction/pred.ml
./focalide/focalizec/src/relation_extraction/pred.mli
./focalide/focalizec/src/relation_extraction/rel_ext.ml
./focalide/focalizec/src/relation_extraction/rel_ext.mli
./focalide/focalizec/src/relation_extraction/tests/add.fcl
./focalide/focalizec/src/stdlib/archive.tar
./focalide/focalizec/src/stdlib/basics.dk
./focalide/focalizec/src/stdlib/basics.fcl
./focalide/focalizec/src/stdlib/basics.lua
./focalide/focalizec/src/stdlib/cc.lua
./focalide/focalizec/src/stdlib/coq_builtins.v
./focalide/focalizec/src/stdlib/deep.dk
./focalide/focalizec/src/stdlib/dk_binary_nat.lua
./focalide/focalizec/src/stdlib/dk_bool.lua
./focalide/focalizec/src/stdlib/dk_builtins.lua
./focalide/focalizec/src/stdlib/dk_int.lua
./focalide/focalizec/src/stdlib/dk_list.lua
./focalide/focalizec/src/stdlib/dk_logic.lua
./focalide/focalizec/src/stdlib/dk_machine_int.lua
./focalide/focalizec/src/stdlib/dk_nat.lua
./focalide/focalizec/src/stdlib/dk_opt.lua
./focalide/focalizec/src/stdlib/dk_tuple.lua
./focalide/focalizec/src/stdlib/fcltest.dk
./focalide/focalizec/src/stdlib/fix.fcl
./focalide/focalizec/src/stdlib/generic_proof_cases.v
./focalide/focalizec/src/stdlib/lattices.fcl
./focalide/focalizec/src/stdlib/Makefile
./focalide/focalizec/src/stdlib/ml_builtins.ml
./focalide/focalizec/src/stdlib/orders.fcl
./focalide/focalizec/src/stdlib/orders_and_lattices.fcl
./focalide/focalizec/src/stdlib/plop.dk
./focalide/focalizec/src/stdlib/products.dk
./focalide/focalizec/src/stdlib/products.fcl
./focalide/focalizec/src/stdlib/products.lua
./focalide/focalizec/src/stdlib/quotients.fcl
./focalide/focalizec/src/stdlib/sets.dk
./focalide/focalizec/src/stdlib/sets.fcl
./focalide/focalizec/src/stdlib/sets.lua
./focalide/focalizec/src/stdlib/sets_externals.ml
./focalide/focalizec/src/stdlib/sets_externals.v
./focalide/focalizec/src/stdlib/strict_orders.fcl
./focalide/focalizec/src/stdlib/sums.fcl
./focalide/focalizec/src/stdlib/test.dk
./focalide/focalizec/src/stdlib/wellfoundation.fcl
./focalide/focalizec/src/stdlib/wellfoundation_externals.v
./focalide/focalizec/src/stdlib/zenon.dk
./focalide/focalizec/src/stdlib/zenon_focal.dk
./focalide/focalizec/src/testing/Makefile
./focalide/focalizec/src/testing/test.spec
./focalide/focalizec/src/testing/testing.ml
./focalide/focalizec/src/testing/tests/length.fcl
./focalide/focalizec/src/testing/tests/Makefile
./focalide/focalizec/src/testing/tests/triangle.fcl
./focalide/focalizec/src/toplevel/exc_wrapper.ml
./focalide/focalizec/src/toplevel/focalizec.ml
./focalide/focalizec/src/toplevel/focalizec.mli
./focalide/focalizec/src/toplevel/fodump.ml
./focalide/focalizec/src/toplevel/Makefile
./focalide/focalizec/src/typing/abstrs.ml
./focalide/focalizec/src/typing/abstrs.mli
./focalide/focalizec/src/typing/ast_equal.ml
./focalide/focalizec/src/typing/ast_equal.mli
./focalide/focalizec/src/typing/context.mli
./focalide/focalizec/src/typing/dep_analysis.ml
./focalide/focalizec/src/typing/dep_analysis.mli
./focalide/focalizec/src/typing/depGraphData.mli
./focalide/focalizec/src/typing/env.ml
./focalide/focalizec/src/typing/env.mli
./focalide/focalizec/src/typing/infer.ml
./focalide/focalizec/src/typing/infer.mli
./focalide/focalizec/src/typing/infoOutput.ml
./focalide/focalizec/src/typing/infoOutput.mli
./focalide/focalizec/src/typing/Makefile
./focalide/focalizec/src/typing/match_analysis.ml
./focalide/focalizec/src/typing/match_analysis.mli
./focalide/focalizec/src/typing/minEnv.ml
./focalide/focalizec/src/typing/minEnv.mli
./focalide/focalizec/src/typing/param_dep_analysis.ml
./focalide/focalizec/src/typing/param_dep_analysis.mli
./focalide/focalizec/src/typing/scoping.ml
./focalide/focalizec/src/typing/scoping.mli
./focalide/focalizec/src/typing/substColl.ml
./focalide/focalizec/src/typing/substColl.mli
./focalide/focalizec/src/typing/substExpr.ml
./focalide/focalizec/src/typing/substExpr.mli
./focalide/focalizec/src/typing/visUniverse.ml
./focalide/focalizec/src/typing/visUniverse.mli
./focalide/INSTALL
./focalide/LICENSE
./focalide/Makefile
./focalide/Makefile.common
./focalide/Makefile.rules
./focalide/Makefile.utils
./focalide/README
./focalide/README_FOR_DEVELOPERS.html
./focalide/zvtov/cache.ml
./focalide/zvtov/cache.mli
./focalide/zvtov/configure
./focalide/zvtov/expr.ml
./focalide/zvtov/expr.mli
./focalide/zvtov/invoke.ml
./focalide/zvtov/invoke.mli
./focalide/zvtov/invoke_cime.ml
./focalide/zvtov/invoke_cime.mli
./focalide/zvtov/lexer.ml
./focalide/zvtov/lexer.mli
./focalide/zvtov/lexer.mll
./focalide/zvtov/lexer_coq.mli
./focalide/zvtov/lexer_coq.mll
./focalide/zvtov/main.ml
./focalide/zvtov/main.mli
./focalide/zvtov/Makefile
./focalide/zvtov/misc.ml
./focalide/zvtov/misc.mli
./focalide/zvtov/options.ml
./focalide/zvtov/options.mli
./focalide/zvtov/parser.ml
./focalide/zvtov/parser.mli
./focalide/zvtov/parser_coq.mly
./focalide/zvtov/token.ml
./focalide/zvtov/token.mli
./focalide/zvtov/version.ml
./focalide/zvtov/version.mli
./focalide/zvtov/xmlrpc.ml
./focalide/zvtov/xmlrpc.mli
./focalide/zvtov/zvtov.1
./focalide/zvtov/zvtov.spec
