./focalize/Announce
./focalize/AUTHORS
./focalize/CHANGES
./focalize/configure
./focalize/focalizec/configure
./focalize/focalizec/doc_src/Makefile
./focalize/focalizec/doc_src/man/focalizec.1
./focalize/focalizec/doc_src/man/focalizedep.1
./focalize/focalizec/doc_src/man/focalizetest.1
./focalize/focalizec/doc_src/man/Makefile
./focalize/focalizec/doc_src/tex/Makefile
./focalize/focalizec/doc_src/tex/refman/basic_concepts.tex
./focalize/focalizec/doc_src/tex/refman/bibli.bib
./focalize/focalizec/doc_src/tex/refman/building_species.tex
./focalize/focalizec/doc_src/tex/refman/compiler_err_msgs.tex
./focalize/focalizec/doc_src/tex/refman/compiler_opts.tex
./focalize/focalizec/doc_src/tex/refman/constructs_syntax.tex
./focalize/focalizec/doc_src/tex/refman/doc_gen.tex
./focalize/focalizec/doc_src/tex/refman/fullpage.sty
./focalize/focalizec/doc_src/tex/refman/glimpse.tex
./focalize/focalizec/doc_src/tex/refman/header_html_snapshot.ps
./focalize/focalizec/doc_src/tex/refman/introduction.tex
./focalize/focalizec/doc_src/tex/refman/lexical_conventions.tex
./focalize/focalizec/doc_src/tex/refman/macros.hva
./focalize/focalizec/doc_src/tex/refman/macros.tex
./focalize/focalizec/doc_src/tex/refman/Makefile
./focalize/focalizec/doc_src/tex/refman/mathml_snapshot.ps
./focalize/focalizec/doc_src/tex/refman/more_on_meths.tex
./focalize/focalizec/doc_src/tex/refman/motivations.tex
./focalize/focalizec/doc_src/tex/refman/multirow.sty
./focalize/focalizec/doc_src/tex/refman/output.tex
./focalize/focalizec/doc_src/tex/refman/pres_requir.tex
./focalize/focalizec/doc_src/tex/refman/proofs.tex
./focalize/focalizec/doc_src/tex/refman/recursion.tex
./focalize/focalizec/doc_src/tex/refman/refman.bbl
./focalize/focalizec/doc_src/tex/refman/refman.blg
./focalize/focalizec/doc_src/tex/refman/refman.hva
./focalize/focalizec/doc_src/tex/refman/refman.tex
./focalize/focalizec/doc_src/tex/refman/syntaxdef.hva
./focalize/focalizec/doc_src/tex/refman/syntaxdef.sty
./focalize/focalizec/doc_src/tex/tutorial/macros.tex
./focalize/focalizec/doc_src/tex/tutorial/main.fcl
./focalize/focalizec/doc_src/tex/tutorial/Makefile
./focalize/focalizec/doc_src/tex/tutorial/mylist.fcl
./focalize/focalizec/doc_src/tex/tutorial/subset.fcl
./focalize/focalizec/doc_src/tex/tutorial/superset.fcl
./focalize/focalizec/doc_src/tex/tutorial/tutorial.hva
./focalize/focalizec/doc_src/tex/tutorial/tutorial.tex
./focalize/focalizec/Makefile
./focalize/focalizec/src/basement/anti_keyword_conflict.ml
./focalize/focalizec/src/basement/anti_keyword_conflict.mli
./focalize/focalizec/src/basement/configuration.ml
./focalize/focalizec/src/basement/configuration.mli
./focalize/focalizec/src/basement/files.ml
./focalize/focalizec/src/basement/files.mli
./focalize/focalizec/src/basement/handy.ml
./focalize/focalizec/src/basement/handy.mli
./focalize/focalizec/src/basement/installation.ml
./focalize/focalizec/src/basement/location.ml
./focalize/focalizec/src/basement/location.mli
./focalize/focalizec/src/basement/Makefile
./focalize/focalizec/src/basement/miscHelpers.ml
./focalize/focalizec/src/basement/miscHelpers.mli
./focalize/focalizec/src/basement/parsetree.mli
./focalize/focalizec/src/basement/parsetree_utils.ml
./focalize/focalizec/src/basement/parsetree_utils.mli
./focalize/focalizec/src/basement/types.ml
./focalize/focalizec/src/basement/types.mli
./focalize/focalizec/src/commoncodegen/abstractions.ml
./focalize/focalizec/src/commoncodegen/abstractions.mli
./focalize/focalizec/src/commoncodegen/context.mli
./focalize/focalizec/src/commoncodegen/externals_generation_errs.ml
./focalize/focalizec/src/commoncodegen/externals_generation_errs.mli
./focalize/focalizec/src/commoncodegen/Makefile
./focalize/focalizec/src/commoncodegen/minEnv.ml
./focalize/focalizec/src/commoncodegen/minEnv.mli
./focalize/focalizec/src/commoncodegen/misc_common.ml
./focalize/focalizec/src/commoncodegen/misc_common.mli
./focalize/focalizec/src/commoncodegen/recursion.ml
./focalize/focalizec/src/commoncodegen/recursion.mli
./focalize/focalizec/src/commoncodegen/visUniverse.ml
./focalize/focalizec/src/commoncodegen/visUniverse.mli
./focalize/focalizec/src/contribs/automata/gen_def.fcl
./focalize/focalizec/src/contribs/automata/main.fcl
./focalize/focalizec/src/contribs/automata/Makefile
./focalize/focalizec/src/contribs/automata/request.fcl
./focalize/focalizec/src/contribs/automata/switch_automata.fcl
./focalize/focalizec/src/contribs/automata/switch_recovery_automata.fcl
./focalize/focalizec/src/contribs/automata/switch_recovery_normal_automata.fcl
./focalize/focalizec/src/contribs/automata/switch_recovery_reverse_automata.fcl
./focalize/focalizec/src/contribs/iterateur/coll.fcl
./focalize/focalizec/src/contribs/Makefile
./focalize/focalizec/src/contribs/security_policies/exemples/access_p_policies.fcl
./focalize/focalizec/src/contribs/security_policies/exemples/access_system.fcl
./focalize/focalizec/src/contribs/security_policies/exemples/accesses.fcl
./focalize/focalizec/src/contribs/security_policies/exemples/blp.fcl
./focalize/focalizec/src/contribs/security_policies/exemples/hru.fcl
./focalize/focalizec/src/contribs/security_policies/Makefile
./focalize/focalizec/src/contribs/security_policies/Makefile_for_dist
./focalize/focalizec/src/contribs/security_policies/new/access_p_policies.fcl
./focalize/focalizec/src/contribs/security_policies/new/access_secure_system.fcl
./focalize/focalizec/src/contribs/security_policies/new/access_system.fcl
./focalize/focalizec/src/contribs/security_policies/new/accesses.fcl
./focalize/focalizec/src/contribs/security_policies/new/finite_sets.fcl
./focalize/focalizec/src/contribs/security_policies/new/lts.fcl
./focalize/focalizec/src/contribs/security_policies/new/main.fcl
./focalize/focalizec/src/contribs/security_policies/new/Makefile
./focalize/focalizec/src/contribs/security_policies/new/p_policies.fcl
./focalize/focalizec/src/contribs/security_policies/new/policy_secured_system.fcl
./focalize/focalizec/src/contribs/security_policies/new/secure_system.fcl
./focalize/focalizec/src/contribs/security_policies/new/utils.fcl
./focalize/focalizec/src/contribs/security_policies/policies/p_policies.fcl
./focalize/focalizec/src/contribs/security_policies/policies/policy_secured_system.fcl
./focalize/focalizec/src/contribs/security_policies/policies/secure_system.fcl
./focalize/focalizec/src/contribs/security_policies/scratch/hru_1.fcl
./focalize/focalizec/src/contribs/security_policies/scratch/hru_2.fcl
./focalize/focalizec/src/contribs/security_policies/scratch/hru_3.fcl
./focalize/focalizec/src/contribs/security_policies/scratch/lts_1.fcl
./focalize/focalizec/src/contribs/security_policies/scratch/lts_2.fcl
./focalize/focalizec/src/contribs/security_policies/scratch/lts_3.fcl
./focalize/focalizec/src/contribs/security_policies/scratch/lts_4.fcl
./focalize/focalizec/src/contribs/security_policies/scratch/lts_5.fcl
./focalize/focalizec/src/contribs/security_policies/scratch/lts_6.fcl
./focalize/focalizec/src/contribs/security_policies/scratch/lts_7.fcl
./focalize/focalizec/src/contribs/security_policies/scratch/lts_8.fcl
./focalize/focalizec/src/contribs/security_policies/scratch/lts_9.fcl
./focalize/focalizec/src/contribs/security_policies/scratch/relations_1.fcl
./focalize/focalizec/src/contribs/security_policies/scratch/relations_2.fcl
./focalize/focalizec/src/contribs/security_policies/scratch/relations_3.fcl
./focalize/focalizec/src/contribs/security_policies/scratch/relations_4.fcl
./focalize/focalizec/src/contribs/security_policies/scratch/relations_5.fcl
./focalize/focalizec/src/contribs/security_policies/scratch/relations_6.fcl
./focalize/focalizec/src/contribs/security_policies/utils/finite_sets.fcl
./focalize/focalizec/src/contribs/security_policies/utils/lts.fcl
./focalize/focalizec/src/contribs/security_policies/utils/lts_mutable.fcl
./focalize/focalizec/src/contribs/security_policies/utils/relations.fcl
./focalize/focalizec/src/contribs/security_policies/utils/relations_mutable.fcl
./focalize/focalizec/src/contribs/utils/Makefile
./focalize/focalizec/src/contribs/utils/pair.fcl
./focalize/focalizec/src/contribs/utils/peano.fcl
./focalize/focalizec/src/contribs/voter/basic_type.fcl
./focalize/focalizec/src/contribs/voter/diag.fcl
./focalize/focalizec/src/contribs/voter/etat_vote.fcl
./focalize/focalizec/src/contribs/voter/gen_diag.fcl
./focalize/focalizec/src/contribs/voter/gen_value.fcl
./focalize/focalizec/src/contribs/voter/gen_vote.fcl
./focalize/focalizec/src/contribs/voter/main.fcl
./focalize/focalizec/src/contribs/voter/Makefile
./focalize/focalizec/src/contribs/voter/num_capteur.fcl
./focalize/focalizec/src/contribs/voter/valid_meas.fcl
./focalize/focalizec/src/contribs/voter/value.fcl
./focalize/focalizec/src/contribs/voter/value_with_valid.fcl
./focalize/focalizec/src/contribs/voter/vote.fcl
./focalize/focalizec/src/coqcodegen/main_coq_generation.ml
./focalize/focalizec/src/coqcodegen/Makefile
./focalize/focalizec/src/coqcodegen/rec_let_gen.ml
./focalize/focalizec/src/coqcodegen/rec_let_gen.mli
./focalize/focalizec/src/coqcodegen/species_coq_generation.ml
./focalize/focalizec/src/coqcodegen/species_coq_generation.mli
./focalize/focalizec/src/coqcodegen/species_record_type_generation.ml
./focalize/focalizec/src/coqcodegen/species_record_type_generation.mli
./focalize/focalizec/src/coqcodegen/type_coq_generation.ml
./focalize/focalizec/src/coqcodegen/type_coq_generation.mli
./focalize/focalizec/src/docgen/doc_lexer.mll
./focalize/focalizec/src/docgen/docgen.spec
./focalize/focalizec/src/docgen/env_docgen.ml
./focalize/focalizec/src/docgen/env_docgen.mli
./focalize/focalizec/src/docgen/focdoc.css
./focalize/focalizec/src/docgen/focdoc.dtd
./focalize/focalizec/src/docgen/focdoc.rnc
./focalize/focalizec/src/docgen/focdoc.xsd
./focalize/focalizec/src/docgen/focdoc2html.xsl
./focalize/focalizec/src/docgen/focdoc2tex.xsl
./focalize/focalizec/src/docgen/main_docgen.ml
./focalize/focalizec/src/docgen/main_docgen.mli
./focalize/focalizec/src/docgen/Makefile
./focalize/focalizec/src/docgen/mmlctop2_0.xsl
./focalize/focalizec/src/docgen/proposition.xsl
./focalize/focalizec/src/docgen/proposition2tex.xsl
./focalize/focalizec/src/docgen/utils_docgen.ml
./focalize/focalizec/src/docgen/utils_docgen.mli
./focalize/focalizec/src/extlib/access_control/access_control.fcl
./focalize/focalizec/src/extlib/access_control/ensembles_finis.fcl
./focalize/focalizec/src/extlib/access_control/hru.fcl
./focalize/focalizec/src/extlib/access_control/Makefile
./focalize/focalizec/src/extlib/access_control/rbac.fcl
./focalize/focalizec/src/extlib/access_control/ticket.fcl
./focalize/focalizec/src/extlib/access_control/tm
./focalize/focalizec/src/extlib/access_control/tm/graph.ml
./focalize/focalizec/src/extlib/access_control/tm/trust_management.fcl
./focalize/focalizec/src/extlib/access_control/unix.fcl
./focalize/focalizec/src/extlib/airport_security/a17property4_2.fcl
./focalize/focalizec/src/extlib/airport_security/a17property4_3.fcl
./focalize/focalizec/src/extlib/airport_security/a17property4_4.fcl
./focalize/focalizec/src/extlib/airport_security/a17property4_5.fcl
./focalize/focalizec/src/extlib/airport_security/a17property4_7.fcl
./focalize/focalizec/src/extlib/airport_security/a17subjects.fcl
./focalize/focalizec/src/extlib/airport_security/aircraftEnv.fcl
./focalize/focalizec/src/extlib/airport_security/airsideEnv2320.fcl
./focalize/focalizec/src/extlib/airport_security/airsideSubjects.fcl
./focalize/focalizec/src/extlib/airport_security/annexe17.fcl
./focalize/focalizec/src/extlib/airport_security/basic_sets.fcl
./focalize/focalizec/src/extlib/airport_security/compile
./focalize/focalizec/src/extlib/airport_security/conversionFunctions.fcl
./focalize/focalizec/src/extlib/airport_security/conversionFunctions2320.fcl
./focalize/focalizec/src/extlib/airport_security/d2320.fcl
./focalize/focalizec/src/extlib/airport_security/d2320property2.fcl
./focalize/focalizec/src/extlib/airport_security/d2320property3.fcl
./focalize/focalizec/src/extlib/airport_security/d2320property4.fcl
./focalize/focalizec/src/extlib/airport_security/d2320property5.fcl
./focalize/focalizec/src/extlib/airport_security/d2320subjects.fcl
./focalize/focalizec/src/extlib/airport_security/holdBaggageEnv.fcl
./focalize/focalizec/src/extlib/airport_security/Makefile
./focalize/focalizec/src/extlib/airport_security/ordinaryPassengersEnv.fcl
./focalize/focalizec/src/extlib/airport_security/ordinaryPassengersEnv2320.fcl
./focalize/focalizec/src/extlib/airport_security/specialPassengersEnv.fcl
./focalize/focalizec/src/extlib/algebra/additive_law.fcl
./focalize/focalizec/src/extlib/algebra/arrays.fcl
./focalize/focalizec/src/extlib/algebra/arrays_externals.v
./focalize/focalizec/src/extlib/algebra/big_integers.fcl
./focalize/focalizec/src/extlib/algebra/constants.fcl
./focalize/focalizec/src/extlib/algebra/integers.fcl
./focalize/focalizec/src/extlib/algebra/iterators.fcl
./focalize/focalizec/src/extlib/algebra/Makefile
./focalize/focalizec/src/extlib/algebra/multiplicative_law.fcl
./focalize/focalizec/src/extlib/algebra/parse_poly.fcl
./focalize/focalizec/src/extlib/algebra/peano.fcl
./focalize/focalizec/src/extlib/algebra/polys_abstract.fcl
./focalize/focalizec/src/extlib/algebra/product_structures.fcl
./focalize/focalizec/src/extlib/algebra/quotient_structures.fcl
./focalize/focalizec/src/extlib/algebra/randoms.fcl
./focalize/focalizec/src/extlib/algebra/randoms_externals.ml
./focalize/focalizec/src/extlib/algebra/randoms_externals.v
./focalize/focalizec/src/extlib/algebra/rings_fields.fcl
./focalize/focalizec/src/extlib/algebra/small_integers.fcl
./focalize/focalizec/src/extlib/algebra/weak_structures.fcl
./focalize/focalizec/src/extlib/algebra/weak_structures_externals.ml
./focalize/focalizec/src/extlib/algebra/weak_structures_externals.v
./focalize/focalizec/src/extlib/Makefile
./focalize/focalizec/src/extlib/openmath/bench.ml
./focalize/focalizec/src/extlib/openmath/lexer.mll
./focalize/focalizec/src/extlib/openmath/Makefile
./focalize/focalizec/src/extlib/openmath/printer.ml
./focalize/focalizec/src/extlib/openmath/test0.xml
./focalize/focalizec/src/extlib/openmath/test1.xml
./focalize/focalizec/src/extlib/openmath/test2.xml
./focalize/focalizec/src/extlib/openmath/test3.xml
./focalize/focalizec/src/extlib/openmath/xml.mli
./focalize/focalizec/src/extlib/polynomials/distributed_polys.fcl
./focalize/focalizec/src/extlib/polynomials/Makefile
./focalize/focalizec/src/extlib/polynomials/parse_poly.fcl
./focalize/focalizec/src/extlib/polynomials/polys_abstract.fcl
./focalize/focalizec/src/extlib/polynomials/recursive_polys.fcl
./focalize/focalizec/src/extlib/polynomials/univariate_polys.fcl
./focalize/focalizec/src/focalizedep/directive_lexer.mll
./focalize/focalizec/src/focalizedep/make_depend.ml
./focalize/focalizec/src/focalizedep/Makefile
./focalize/focalizec/src/focalizeig/focalizeig.ml
./focalize/focalizec/src/focalizeig/Makefile
./focalize/focalizec/src/focalizetest/context_test.ml
./focalize/focalizec/src/focalizetest/context_test.mli
./focalize/focalizec/src/focalizetest/debug.ml
./focalize/focalizec/src/focalizetest/debug.mli
./focalize/focalizec/src/focalizetest/exemple/depends_list/Makefile
./focalize/focalizec/src/focalizetest/exemple/depends_list/my_progs.fcl
./focalize/focalizec/src/focalizetest/exemple/extern_var/extern_var.fcl
./focalize/focalizec/src/focalizetest/exemple/extern_var/Makefile
./focalize/focalizec/src/focalizetest/exemple/lexicographic_product_additive_monoid
./focalize/focalizec/src/focalizetest/exemple/lexicographic_product_additive_monoid/add_print.foc
./focalize/focalizec/src/focalizetest/exemple/lexicographic_product_additive_monoid/Makefile
./focalize/focalizec/src/focalizetest/exemple/lexicographic_product_additive_monoid/Makefile.parameters
./focalize/focalizec/src/focalizetest/exemple/lexicographic_product_additive_monoid/Makefile.spec
./focalize/focalizec/src/focalizetest/exemple/lexicographic_product_additive_monoid/README
./focalize/focalizec/src/focalizetest/exemple/Makefile
./focalize/focalizec/src/focalizetest/exemple/Makefile.codage
./focalize/focalizec/src/focalizetest/exemple/Makefile.codage.one_pass
./focalize/focalizec/src/focalizetest/exemple/Makefile.sicstus
./focalize/focalizec/src/focalizetest/exemple/Makefile.test
./focalize/focalizec/src/focalizetest/exemple/Makefile_checkxml
./focalize/focalizec/src/focalizetest/exemple/model_blp
./focalize/focalizec/src/focalizetest/exemple/model_blp/Makefile
./focalize/focalizec/src/focalizetest/exemple/model_blp/model.fcl
./focalize/focalizec/src/focalizetest/exemple/no_parameters/couple.fcl
./focalize/focalizec/src/focalizetest/exemple/no_parameters/Makefile
./focalize/focalizec/src/focalizetest/exemple/no_parameters/Makefile.couple_entier
./focalize/focalizec/src/focalizetest/exemple/no_parameters/Makefile.couple_list_int
./focalize/focalizec/src/focalizetest/exemple/order_sup/fichier.fcl
./focalize/focalizec/src/focalizetest/exemple/order_sup/Makefile.meta
./focalize/focalizec/src/focalizetest/exemple/order_sup/Makefile.naive
./focalize/focalizec/src/focalizetest/exemple/order_sup/Makefile.noback
./focalize/focalizec/src/focalizetest/exemple/order_sup/Makefile.random
./focalize/focalizec/src/focalizetest/exemple/parameters/Makefile
./focalize/focalizec/src/focalizetest/exemple/parameters/Makefile.D
./focalize/focalizec/src/focalizetest/exemple/parameters/Makefile.modulo
./focalize/focalizec/src/focalizetest/exemple/parameters/Makefile.pair_modulo
./focalize/focalizec/src/focalizetest/exemple/parameters/parameterized_species.fcl
./focalize/focalizec/src/focalizetest/exemple/README
./focalize/focalizec/src/focalizetest/exemple/small_naturals/Makefile
./focalize/focalizec/src/focalizetest/exemple/small_naturals/reinject.xml
./focalize/focalizec/src/focalizetest/exemple/taquin/Makefile
./focalize/focalizec/src/focalizetest/exemple/taquin/taquin.fcl
./focalize/focalizec/src/focalizetest/exemple/taquin/taquin.fml
./focalize/focalizec/src/focalizetest/exemple/triangle/length.fcl
./focalize/focalizec/src/focalizetest/exemple/triangle/Makefile
./focalize/focalizec/src/focalizetest/exemple/triangle/Makefile.test
./focalize/focalizec/src/focalizetest/exemple/triangle/Makefile_length
./focalize/focalizec/src/focalizetest/exemple/triangle/Makefile_triangle
./focalize/focalizec/src/focalizetest/exemple/triangle/triangle.fcl
./focalize/focalizec/src/focalizetest/exemple/triangle_correct/length.fcl
./focalize/focalizec/src/focalizetest/exemple/triangle_correct/Makefile
./focalize/focalizec/src/focalizetest/exemple/triangle_correct/Makefile.test
./focalize/focalizec/src/focalizetest/exemple/triangle_correct/Makefile_length
./focalize/focalizec/src/focalizetest/exemple/triangle_correct/Makefile_triangle
./focalize/focalizec/src/focalizetest/exemple/triangle_correct/triangle.fcl
./focalize/focalizec/src/focalizetest/exemple/xml/example.xml
./focalize/focalizec/src/focalizetest/exemple/xml/Makefile
./focalize/focalizec/src/focalizetest/exemple/xml/test_report.css
./focalize/focalizec/src/focalizetest/exemple/xml/test_report.xsd
./focalize/focalizec/src/focalizetest/exemple/xml/test_report.xslt
./focalize/focalizec/src/focalizetest/expr_prolog.ml
./focalize/focalizec/src/focalizetest/expr_prolog.mli
./focalize/focalizec/src/focalizetest/foc_predef.ml
./focalize/focalizec/src/focalizetest/foc_predef.mli
./focalize/focalizec/src/focalizetest/focalize_inter.ml
./focalize/focalizec/src/focalizetest/focalize_inter.mli
./focalize/focalizec/src/focalizetest/fresh_variable.ml
./focalize/focalizec/src/focalizetest/fresh_variable.mli
./focalize/focalizec/src/focalizetest/lexer.ml
./focalize/focalizec/src/focalizetest/lexer.mli
./focalize/focalizec/src/focalizetest/lexer.mll
./focalize/focalizec/src/focalizetest/Makefile
./focalize/focalizec/src/focalizetest/own_basics.ml
./focalize/focalizec/src/focalizetest/own_basics.mli
./focalize/focalizec/src/focalizetest/own_expr.ml
./focalize/focalizec/src/focalizetest/own_expr.mli
./focalize/focalizec/src/focalizetest/own_parser.ml
./focalize/focalizec/src/focalizetest/own_parser.mly
./focalize/focalizec/src/focalizetest/own_prolog.ml
./focalize/focalizec/src/focalizetest/own_prolog.mli
./focalize/focalizec/src/focalizetest/own_prop.ml
./focalize/focalizec/src/focalizetest/own_prop.mli
./focalize/focalizec/src/focalizetest/own_types.ml
./focalize/focalizec/src/focalizetest/own_types.mli
./focalize/focalizec/src/focalizetest/own_xml.ml
./focalize/focalizec/src/focalizetest/own_xml.mli
./focalize/focalizec/src/focalizetest/print_fml.ml
./focalize/focalizec/src/focalizetest/print_fml.mli
./focalize/focalizec/src/focalizetest/print_foc.ml
./focalize/focalizec/src/focalizetest/print_foc.mli
./focalize/focalizec/src/focalizetest/print_prolog.ml
./focalize/focalizec/src/focalizetest/print_prolog.mli
./focalize/focalizec/src/focalizetest/print_xml.ml
./focalize/focalizec/src/focalizetest/print_xml.mli
./focalize/focalizec/src/focalizetest/random_rep.ml
./focalize/focalizec/src/focalizetest/random_rep.mli
./focalize/focalizec/src/focalizetest/rewrite_prop.ml
./focalize/focalizec/src/focalizetest/rewrite_prop.mli
./focalize/focalizec/src/focalizetest/run.ml
./focalize/focalizec/src/focalizetest/run.mli
./focalize/focalizec/src/focalizetest/sicstus
./focalize/focalizec/src/focalizetest/sicstus/all.pl
./focalize/focalizec/src/focalizetest/sicstus/autres.pl
./focalize/focalizec/src/focalizetest/sicstus/basics.pl
./focalize/focalizec/src/focalizetest/sicstus/ctr_apply.pl
./focalize/focalizec/src/focalizetest/sicstus/ctr_ite.pl
./focalize/focalizec/src/focalizetest/sicstus/ctr_ite_meta.pl
./focalize/focalizec/src/focalizetest/sicstus/ctr_ite_naif.pl
./focalize/focalizec/src/focalizetest/sicstus/ctr_match.pl
./focalize/focalizec/src/focalizetest/sicstus/ctr_match_meta.pl
./focalize/focalizec/src/focalizetest/sicstus/ctr_match_naif.pl
./focalize/focalizec/src/focalizetest/sicstus/debug.pl
./focalize/focalizec/src/focalizetest/sicstus/fichiers.txt
./focalize/focalizec/src/focalizetest/sicstus/functions_db.pl
./focalize/focalizec/src/focalizetest/sicstus/functions_db_assert.pl
./focalize/focalizec/src/focalizetest/sicstus/functions_db_assoc.pl
./focalize/focalizec/src/focalizetest/sicstus/labeling.pl
./focalize/focalizec/src/focalizetest/sicstus/termes.pl
./focalize/focalizec/src/focalizetest/sicstus/types.pl
./focalize/focalizec/src/focalizetest/sicstus/verrue_model.pl
./focalize/focalizec/src/focalizetest/species_harness.ml
./focalize/focalizec/src/focalizetest/species_harness.mli
./focalize/focalizec/src/focalizetest/test_prolog.ml
./focalize/focalizec/src/focalizetest/test_prolog.mli
./focalize/focalizec/src/focalizetest/test_prop.ml
./focalize/focalizec/src/focalizetest/test_prop.mli
./focalize/focalizec/src/focalizetest/to_prolog.ml
./focalize/focalizec/src/focalizetest/to_prolog.mli
./focalize/focalizec/src/focalizetest/to_strings.ml
./focalize/focalizec/src/focalizetest/to_strings.mli
./focalize/focalizec/src/focalizetest/useful_parsing.ml
./focalize/focalizec/src/focalizetest/useful_parsing.mli
./focalize/focalizec/src/focalizetest/whattodo.ml
./focalize/focalizec/src/focalizetest/whattodo.mli
./focalize/focalizec/src/focalizetest/whattodo2.ml
./focalize/focalizec/src/focalizetest/whattodo2.mli
./focalize/focalizec/src/mlcodegen/base_exprs_ml_generation.ml
./focalize/focalizec/src/mlcodegen/base_exprs_ml_generation.mli
./focalize/focalizec/src/mlcodegen/main_ml_generation.ml
./focalize/focalizec/src/mlcodegen/main_ml_generation.mli
./focalize/focalizec/src/mlcodegen/Makefile
./focalize/focalizec/src/mlcodegen/misc_ml_generation.ml
./focalize/focalizec/src/mlcodegen/misc_ml_generation.mli
./focalize/focalizec/src/mlcodegen/species_ml_generation.ml
./focalize/focalizec/src/mlcodegen/species_ml_generation.mli
./focalize/focalizec/src/mlcodegen/type_ml_generation.ml
./focalize/focalizec/src/mlcodegen/type_ml_generation.mli
./focalize/focalizec/src/parser/dump_ptree.ml
./focalize/focalizec/src/parser/dump_ptree.mli
./focalize/focalizec/src/parser/lex_file.ml
./focalize/focalizec/src/parser/lexer.mll
./focalize/focalizec/src/parser/lexer.spec
./focalize/focalizec/src/parser/Makefile
./focalize/focalizec/src/parser/parse_file.ml
./focalize/focalizec/src/parser/parse_file.mli
./focalize/focalizec/src/parser/parser.mly
./focalize/focalizec/src/parser/parser.spec
./focalize/focalizec/src/parser/sourcify.ml
./focalize/focalizec/src/parser/sourcify.mli
./focalize/focalizec/src/parser/sourcify_token.ml
./focalize/focalizec/src/relation_extraction/foc2spec.ml
./focalize/focalizec/src/relation_extraction/foc2spec.mli
./focalize/focalizec/src/relation_extraction/focgen.ml
./focalize/focalizec/src/relation_extraction/focgen.mli
./focalize/focalizec/src/relation_extraction/Makefile
./focalize/focalizec/src/relation_extraction/pred.ml
./focalize/focalizec/src/relation_extraction/pred.mli
./focalize/focalizec/src/relation_extraction/rel_ext.ml
./focalize/focalizec/src/relation_extraction/rel_ext.mli
./focalize/focalizec/src/relation_extraction/tests
./focalize/focalizec/src/relation_extraction/tests/add.fcl
./focalize/focalizec/src/stdlib/basics.fcd
./focalize/focalizec/src/stdlib/basics.fcl
./focalize/focalizec/src/stdlib/coq_builtins.v
./focalize/focalizec/src/stdlib/fix.fcl
./focalize/focalizec/src/stdlib/generic_proof_cases.v
./focalize/focalizec/src/stdlib/lattices.fcl
./focalize/focalizec/src/stdlib/Makefile
./focalize/focalizec/src/stdlib/ml_builtins.ml
./focalize/focalizec/src/stdlib/orders.fcl
./focalize/focalizec/src/stdlib/orders_and_lattices.fcl
./focalize/focalizec/src/stdlib/products.fcl
./focalize/focalizec/src/stdlib/quotients.fcl
./focalize/focalizec/src/stdlib/sets.fcl
./focalize/focalizec/src/stdlib/sets_externals.ml
./focalize/focalizec/src/stdlib/sets_externals.v
./focalize/focalizec/src/stdlib/strict_orders.fcl
./focalize/focalizec/src/stdlib/sums.fcl
./focalize/focalizec/src/stdlib/wellfounded.fcl
./focalize/focalizec/src/stdlib/wellfounded_externals.v
./focalize/focalizec/src/testing/Makefile
./focalize/focalizec/src/testing/test.spec
./focalize/focalizec/src/testing/testing.ml
./focalize/focalizec/src/testing/tests/length.fcl
./focalize/focalizec/src/testing/tests/Makefile
./focalize/focalizec/src/testing/tests/triangle.fcl
./focalize/focalizec/src/toplevel/exc_wrapper.ml
./focalize/focalizec/src/toplevel/focalizec.ml
./focalize/focalizec/src/toplevel/focalizec.mli
./focalize/focalizec/src/toplevel/fodump.ml
./focalize/focalizec/src/toplevel/Makefile
./focalize/focalizec/src/typing/ast_equal.ml
./focalize/focalizec/src/typing/ast_equal.mli
./focalize/focalizec/src/typing/dep_analysis.ml
./focalize/focalizec/src/typing/dep_analysis.mli
./focalize/focalizec/src/typing/depGraphData.mli
./focalize/focalizec/src/typing/env.ml
./focalize/focalizec/src/typing/env.mli
./focalize/focalizec/src/typing/infer.ml
./focalize/focalizec/src/typing/infer.mli
./focalize/focalizec/src/typing/infoOutput.ml
./focalize/focalizec/src/typing/infoOutput.mli
./focalize/focalizec/src/typing/Makefile
./focalize/focalizec/src/typing/match_analysis.ml
./focalize/focalizec/src/typing/match_analysis.mli
./focalize/focalizec/src/typing/param_dep_analysis.ml
./focalize/focalizec/src/typing/param_dep_analysis.mli
./focalize/focalizec/src/typing/scoping.ml
./focalize/focalizec/src/typing/scoping.mli
./focalize/focalizec/src/typing/substColl.ml
./focalize/focalizec/src/typing/substColl.mli
./focalize/focalizec/src/typing/substExpr.ml
./focalize/focalizec/src/typing/substExpr.mli
./focalize/INSTALL
./focalize/LICENSE
./focalize/Makefile
./focalize/Makefile.common
./focalize/Makefile.rules
./focalize/Makefile.utils
./focalize/README
./focalize/README_FOR_DEVELOPERS.html
./focalize/zenon/checksum.mli
./focalize/zenon/config.ml
./focalize/zenon/config.mli
./focalize/zenon/configure
./focalize/zenon/coqterm.ml
./focalize/zenon/coqterm.mli
./focalize/zenon/doc/input-coq.tex
./focalize/zenon/doc/input-tptp.tex
./focalize/zenon/doc/input-zen.tex
./focalize/zenon/doc/install.tex
./focalize/zenon/doc/intro.tex
./focalize/zenon/doc/macros.tex
./focalize/zenon/doc/Makefile
./focalize/zenon/doc/messages.tex
./focalize/zenon/doc/options.tex
./focalize/zenon/doc/reference.tex
./focalize/zenon/doc/zenon-logo.ps
./focalize/zenon/enum.ml
./focalize/zenon/enum.mli
./focalize/zenon/eqrel.ml
./focalize/zenon/eqrel.mli
./focalize/zenon/error.ml
./focalize/zenon/error.mli
./focalize/zenon/expr.ml
./focalize/zenon/expr.mli
./focalize/zenon/ext_equiv.ml
./focalize/zenon/ext_equiv.mli
./focalize/zenon/ext_focal.ml
./focalize/zenon/ext_focal.mli
./focalize/zenon/ext_induct.ml
./focalize/zenon/ext_induct.mli
./focalize/zenon/ext_recfun.ml
./focalize/zenon/ext_recfun.mli
./focalize/zenon/ext_tla.ml
./focalize/zenon/ext_tla.mli
./focalize/zenon/extension.ml
./focalize/zenon/extension.mli
./focalize/zenon/globals.ml
./focalize/zenon/globals.mli
./focalize/zenon/heap.ml
./focalize/zenon/heap.mli
./focalize/zenon/index.ml
./focalize/zenon/index.mli
./focalize/zenon/INSTALL
./focalize/zenon/isar_case.ml
./focalize/zenon/isar_case.mli
./focalize/zenon/lexcoq.mli
./focalize/zenon/lexcoq.mll
./focalize/zenon/lextptp.mli
./focalize/zenon/lextptp.mll
./focalize/zenon/lexzen.mli
./focalize/zenon/lexzen.mll
./focalize/zenon/LICENSE
./focalize/zenon/llproof.ml
./focalize/zenon/llproof.mli
./focalize/zenon/lltocoq.ml
./focalize/zenon/lltocoq.mli
./focalize/zenon/lltoisar.ml
./focalize/zenon/lltoisar.mli
./focalize/zenon/main.ml
./focalize/zenon/main.mli
./focalize/zenon/Makefile
./focalize/zenon/misc.ml
./focalize/zenon/misc.mli
./focalize/zenon/mlproof.ml
./focalize/zenon/mlproof.mli
./focalize/zenon/mltoll.ml
./focalize/zenon/mltoll.mli
./focalize/zenon/namespace.ml
./focalize/zenon/namespace.mli
./focalize/zenon/node.ml
./focalize/zenon/node.mli
./focalize/zenon/parsecoq.mly
./focalize/zenon/parsetptp.mly
./focalize/zenon/parsezen.mly
./focalize/zenon/phrase.ml
./focalize/zenon/phrase.mli
./focalize/zenon/print.ml
./focalize/zenon/print.mli
./focalize/zenon/progress.ml
./focalize/zenon/progress.mli
./focalize/zenon/prove.ml
./focalize/zenon/prove.mli
./focalize/zenon/step.ml
./focalize/zenon/step.mli
./focalize/zenon/tptp.ml
./focalize/zenon/tptp.mli
./focalize/zenon/version.ml
./focalize/zenon/version.mli
./focalize/zenon/versionnum.ml
./focalize/zenon/versionnum.mli
./focalize/zenon/watch.ml
./focalize/zenon/watch.mli
./focalize/zenon/zenon.v
./focalize/zenon/zenon_coqbool.v
./focalize/zenon/zenon_equiv.v
./focalize/zenon/zenon_focal.v
./focalize/zenon/zenon_induct.v
./focalize/zvtov/cache.ml
./focalize/zvtov/cache.mli
./focalize/zvtov/configure
./focalize/zvtov/expr.ml
./focalize/zvtov/expr.mli
./focalize/zvtov/invoke.ml
./focalize/zvtov/invoke.mli
./focalize/zvtov/invoke_cime.ml
./focalize/zvtov/invoke_cime.mli
./focalize/zvtov/lexer.ml
./focalize/zvtov/lexer.mli
./focalize/zvtov/lexer.mll
./focalize/zvtov/lexer_coq.mli
./focalize/zvtov/lexer_coq.mll
./focalize/zvtov/main.ml
./focalize/zvtov/main.mli
./focalize/zvtov/Makefile
./focalize/zvtov/misc.ml
./focalize/zvtov/misc.mli
./focalize/zvtov/options.ml
./focalize/zvtov/options.mli
./focalize/zvtov/parser.ml
./focalize/zvtov/parser.mli
./focalize/zvtov/parser_coq.mly
./focalize/zvtov/token.ml
./focalize/zvtov/token.mli
./focalize/zvtov/version.ml
./focalize/zvtov/version.mli
./focalize/zvtov/xmlrpc.ml
./focalize/zvtov/xmlrpc.mli
./focalize/zvtov/zvtov.1
